Request-Header|Accept-Encoding|gzip
Request-Header|Connection|close
Request-Header|Content-Type|multipart/form-data; boundary=JettyHttpClientBoundary1275gffetpxz8o0q
Request-Header|Host|localhost:9090
Request-Header|Transfer-Encoding|chunked
Request-Header|User-Agent|Jetty/9.4.9.v20180320
Request-Header|X-BrowserId|jetty-client
Parts-Count|6
Part-ContainsContents|pi|3.14159265358979323846264338327950288419716939937510
Part-ContainsContents|company|bob & frank's shoe repair
Part-ContainsContents|power|ꬵо𝗋ⲥ𝖾
Part-ContainsContents|japanese|オープンソース
Part-ContainsContents|hello|日食桟橋
Part-Filename|upload_file|filename
Part-Sha1sum|upload_file|e75b73644afe9b234d70da9ff225229de68cdff8
