Request-Header|Accept-Encoding|gzip
Request-Header|Connection|close
Request-Header|Content-Type|multipart/form-data; boundary=JettyHttpClientBoundary1uz60vid2bq7x1t9
Request-Header|Host|localhost:9090
Request-Header|Transfer-Encoding|chunked
Request-Header|User-Agent|Jetty/9.4.9.v20180320
Request-Header|X-BrowserId|jetty-client
Parts-Count|4
Part-ContainsContents|reporter|<user@company.com>
Part-ContainsContents|timestamp|2018-03-21T18:52:18+00:00
Part-ContainsContents|comments|this couldn't be parsed
Part-ContainsContents|attachment|banana