Request-Header|Accept|text/html,application/xhtml+xml,application/xml;q=0.9,image/webp,image/apng,*/*;q=0.8
Request-Header|Accept-Encoding|gzip, deflate
Request-Header|Accept-Language|en-US,en;q=0.9
Request-Header|Cache-Control|max-age=0
Request-Header|Connection|keep-alive
Request-Header|Content-Length|249
Request-Header|Content-Type|multipart/form-data; boundary=----WebKitFormBoundaryjJR29nbr1TDUu2yh
Request-Header|DNT|1
Request-Header|Host|192.168.0.119:9090
Request-Header|Origin|http://192.168.0.119:9090
Request-Header|Referer|http://192.168.0.119:9090/sjis-form.html
Request-Header|Upgrade-Insecure-Requests|1
Request-Header|User-Agent|Mozilla/5.0 (Linux; Android 8.1.0; Pixel 2 XL Build/OPM1.171019.021) AppleWebKit/537.36 (KHTML, like Gecko) Chrome/65.0.3325.109 Mobile Safari/537.36
Parts-Count|2
Part-ContainsContents|japanese|健治
Part-ContainsContents|hello|ャユ戆タ