Request-Header|Accept-Encoding|gzip
Request-Header|Connection|close
Request-Header|Content-Type|multipart/form-data; boundary=JettyHttpClientBoundary9iv9jofnq5dkzmgl
Request-Header|Host|localhost:9090
Request-Header|Transfer-Encoding|chunked
Request-Header|User-Agent|Jetty/9.4.9.v20180320
Request-Header|X-BrowserId|jetty-client
Parts-Count|2
Part-ContainsContents|こんにちは世界|Greetings 1
Part-ContainsContents|%E3%81%93%E3%82%93%E3%81%AB%E3%81%A1%E3%81%AF%E4%B8%96%E7%95%8C|Greetings 2

