Request-Header|Accept-Encoding|gzip
Request-Header|Connection|close
Request-Header|Content-Type|multipart/form-data; boundary=JettyHttpClientBoundary14beb4to333d91v8
Request-Header|Host|localhost:9090
Request-Header|Transfer-Encoding|chunked
Request-Header|User-Agent|Jetty/9.4.9.v20180320
Request-Header|X-BrowserId|jetty-client
Parts-Count|10
