Request-Header|Accept-Encoding|gzip
Request-Header|Connection|close
Request-Header|Content-Type|multipart/form-data; boundary=JettyHttpClientBoundary1jcfdl0zps9nf362
Request-Header|Host|localhost:9090
Request-Header|Transfer-Encoding|chunked
Request-Header|User-Agent|Jetty/9.4.9.v20180320
Request-Header|X-BrowserId|jetty-client
Parts-Count|169
Part-ContainsContents|count|168
Part-ContainsContents|persian-UTF-8|برج بابل
Part-ContainsContents|persian-CESU-8|برج بابل
