Request-Header|Accept|text/html,application/xhtml+xml,application/xml;q=0.9,*/*;q=0.8
Request-Header|Accept-Encoding|gzip, deflate
Request-Header|Accept-Language|en-US,en;q=0.5
Request-Header|Connection|keep-alive
Request-Header|Content-Length|303
Request-Header|Content-Type|multipart/form-data; boundary=---------------------------18591390852002031541755421242
Request-Header|Host|192.168.0.119:9090
Request-Header|Referer|http://192.168.0.119:9090/sjis-form.html
Request-Header|Upgrade-Insecure-Requests|1
Request-Header|User-Agent|Mozilla/5.0 (Android 8.1.0; Mobile; rv:59.0) Gecko/59.0 Firefox/59.0
Parts-Count|2
Part-ContainsContents|japanese|健治
Part-ContainsContents|hello|ャユ戆タ