Request-Header|Accept|text/html,application/xhtml+xml,application/xml;q=0.9,*/*;q=0.8
Request-Header|Accept-Encoding|gzip, deflate
Request-Header|Accept-Language|en-US,en;q=0.5
Request-Header|Connection|keep-alive
Request-Header|Content-Length|261
Request-Header|Content-Type|multipart/form-data; boundary=---------------------------265001916915724
Request-Header|Host|localhost:9090
Request-Header|Referer|http://localhost:9090/sjis-form.html
Request-Header|Upgrade-Insecure-Requests|1
Request-Header|User-Agent|Mozilla/5.0 (Windows NT 10.0; Win64; x64; rv:58.0) Gecko/20100101 Firefox/58.0
Parts-Count|2
Part-ContainsContents|japanese|健治
Part-ContainsContents|hello|ャユ戆タ