Content-Type|multipart/form-data; boundary="JuH4rALGPJfmAquncS_U1du8s59GjKKiG9a8"
Parts-Count|1
Part-Filename|png|jetty-avatar-256.png
Part-Sha1sum|png|e75b73644afe9b234d70da9ff225229de68cdff8