Request-Header|Accept-Encoding|gzip,deflate
Request-Header|Connection|keep-alive
Request-Header|Content-Length|31148
Request-Header|Content-Type|multipart/form-data; boundary=qqr2YBBR31U4xVib4vaVuIsrwNY1iw
Request-Header|Host|localhost:9090
Request-Header|User-Agent|Apache-HttpClient/4.5.5 (Java/1.8.0_162)
Request-Header|X-BrowserId|apache-httpcomp
Parts-Count|169
Part-ContainsContents|count|168
Part-ContainsContents|persian-UTF-8|برج بابل
Part-ContainsContents|persian-CESU-8|برج بابل
