Request-Header|Accept-Encoding|gzip,deflate
Request-Header|Connection|keep-alive
Request-Header|Content-Length|22940
Request-Header|Content-Type|multipart/form-data; boundary=owr6UQGvVNunA_sx2AsizBtyq_uK-OjsQXrF
Request-Header|Host|localhost:9090
Request-Header|User-Agent|Apache-HttpClient/4.5.5 (Java/1.8.0_162)
Request-Header|X-BrowserId|apache-httpcomp
Parts-Count|6
Part-ContainsContents|pi|3.14159265358979323846264338327950288419716939937510
Part-ContainsContents|company|bob & frank's shoe repair
Part-ContainsContents|power|ꬵо𝗋ⲥ𝖾
Part-ContainsContents|japanese|オープンソース
Part-ContainsContents|hello|日食桟橋
Part-Filename|upload_file|filename
Part-Sha1sum|upload_file|e75b73644afe9b234d70da9ff225229de68cdff8
