Request-Header|Accept|text/html,application/xhtml+xml,application/xml;q=0.9,image/webp,image/apng,*/*;q=0.8
Request-Header|Accept-Encoding|gzip, deflate
Request-Header|Accept-Language|en-US,en;q=0.9
Request-Header|Cache-Control|max-age=0
Request-Header|Connection|keep-alive
Request-Header|Content-Length|22054
Request-Header|Content-Type|multipart/form-data; boundary=----WebKitFormBoundary2oBNepLIldUG8YwL
Request-Header|DNT|1
Request-Header|Host|192.168.0.119:9090
Request-Header|Origin|http://192.168.0.119:9090
Request-Header|Referer|http://192.168.0.119:9090/form-fileupload.html
Request-Header|Upgrade-Insecure-Requests|1
Request-Header|User-Agent|Mozilla/5.0 (Linux; Android 8.1.0; Pixel 2 XL Build/OPM1.171019.021) AppleWebKit/537.36 (KHTML, like Gecko) Chrome/65.0.3325.109 Mobile Safari/537.36
Parts-Count|2
Part-ContainsContents|description|the larger icon
Part-Filename|file|jetty-avatar-256.png
Part-Sha1sum|file|e75b73644afe9b234d70da9ff225229de68cdff8
