Request-Header|Accept|text/html,application/xhtml+xml,application/xml;q=0.9,*/*;q=0.8
Request-Header|Accept-Encoding|gzip, deflate
Request-Header|Accept-Language|en-us
Request-Header|Connection|keep-alive
Request-Header|Content-Length|22074
Request-Header|Content-Type|multipart/form-data; boundary=----WebKitFormBoundary5trdx3OwYr8uMtbA
Request-Header|Host|192.168.0.119:9090
Request-Header|Origin|http://192.168.0.119:9090
Request-Header|Referer|http://192.168.0.119:9090/form-fileupload.html
Request-Header|Upgrade-Insecure-Requests|1
Request-Header|User-Agent|Mozilla/5.0 (iPad; CPU OS 11_2_6 like Mac OS X) AppleWebKit/604.5.6 (KHTML, like Gecko) Version/11.0 Mobile/15D100 Safari/604.1
Parts-Count|2
Part-ContainsContents|description|the larger icon
Part-Filename|file|66A4F66B-9B37-4F69-86A7-456547EBF079.png
Part-Sha1sum|file|e75b73644afe9b234d70da9ff225229de68cdff8