Request-Header|Accept-Encoding|gzip,deflate
Request-Header|Connection|keep-alive
Request-Header|Content-Length|1870
Request-Header|Content-Type|multipart/form-data; boundary=V9oY7Ug2J-n4sFXLWdb7yd2LtU0hdK36ejhKYh
Request-Header|Host|localhost:9090
Request-Header|User-Agent|Apache-HttpClient/4.5.5 (Java/1.8.0_162)
Request-Header|X-BrowserId|apache-httpcomp
Parts-Count|4
Part-ContainsContents|zalgo-8|y͔͕͍o̪̞͎̥͇̤̕u'̛̰̫̳̰v̧̘̪̠̟̟e̥͈̱ ̥̠͇͎͕̜s̤e̺e̙ͅņ̜ ̲̟͝za̴͖̱̲͈̘l͖̖͓̙̮͔g͕̞͖͘o͕̤͈̗ ̯̲̹̲͓b͙͟e̞͎̜̗͈͉̭͞f̸or̰̩e̡̝̺,̸͕̙̥̼͇̜ ̪͇̹r̘̪ͅị͔̥͈ͅg̠̟̯͖̦͇ht͖̪͍͚̖͡?͙̝͖̞
Part-ContainsContents|zalgo-16|y͔͕͍o̪̞͎̥͇̤̕u'̛̰̫̳̰v̧̘̪̠̟̟e̥͈̱ ̥̠͇͎͕̜s̤e̺e̙ͅņ̜ ̲̟͝za̴͖̱̲͈̘l͖̖͓̙̮͔g͕̞͖͘o͕̤͈̗ ̯̲̹̲͓b͙͟e̞͎̜̗͈͉̭͞f̸or̰̩e̡̝̺,̸͕̙̥̼͇̜ ̪͇̹r̘̪ͅị͔̥͈ͅg̠̟̯͖̦͇ht͖̪͍͚̖͡?͙̝͖̞
Part-ContainsContents|zalgo-16-be|y͔͕͍o̪̞͎̥͇̤̕u'̛̰̫̳̰v̧̘̪̠̟̟e̥͈̱ ̥̠͇͎͕̜s̤e̺e̙ͅņ̜ ̲̟͝za̴͖̱̲͈̘l͖̖͓̙̮͔g͕̞͖͘o͕̤͈̗ ̯̲̹̲͓b͙͟e̞͎̜̗͈͉̭͞f̸or̰̩e̡̝̺,̸͕̙̥̼͇̜ ̪͇̹r̘̪ͅị͔̥͈ͅg̠̟̯͖̦͇ht͖̪͍͚̖͡?͙̝͖̞
Part-ContainsContents|zalgo-16-le|y͔͕͍o̪̞͎̥͇̤̕u'̛̰̫̳̰v̧̘̪̠̟̟e̥͈̱ ̥̠͇͎͕̜s̤e̺e̙ͅņ̜ ̲̟͝za̴͖̱̲͈̘l͖̖͓̙̮͔g͕̞͖͘o͕̤͈̗ ̯̲̹̲͓b͙͟e̞͎̜̗͈͉̭͞f̸or̰̩e̡̝̺,̸͕̙̥̼͇̜ ̪͇̹r̘̪ͅị͔̥͈ͅg̠̟̯͖̦͇ht͖̪͍͚̖͡?͙̝͖̞
