Request-Header|Accept-Encoding|gzip
Request-Header|Connection|close
Request-Header|Content-Type|multipart/form-data; boundary=JettyHttpClientBoundary1evz7ehqg8tvo10h
Request-Header|Host|localhost:9090
Request-Header|Transfer-Encoding|chunked
Request-Header|User-Agent|Jetty/9.4.9.v20180320
Request-Header|X-BrowserId|jetty-client
Parts-Count|1
Part-Filename|whitespace|whitespace.txt
Part-Sha1sum|whitespace|353E2CCDDE1069706B950414B230B6C047F98491