Content-Type|multipart/form-data; boundary="8Q4MHJ3LWIQEQQ_OXYU5U9ZLYEH60_CFZQYANCZ"
Parts-Count|2
Part-ContainsContents|STATE|TEXAS
Part-ContainsContents|CITY|AUSTIN

